main.c:78:6:FloatToStringNew	40	static
main.c:135:6:delay_us	24	static
main.c:141:6:delay_ms	24	static
main.c:148:6:LCD_SendByte	24	static
main.c:162:6:LCD_Clear	16	static
main.c:169:6:LCD_Update	16	static
main.c:181:6:LCD_DrawPixel	16	static
main.c:189:6:LCD_DrawLine	48	static
main.c:218:6:LCD_DrawFastVLine	32	static
main.c:223:6:LCD_DrawFastHLine	32	static
main.c:228:6:LCD_DrawRect	24	static
main.c:236:6:LCD_FillRect	32	static
main.c:243:6:LCD_FillScreen	24	static
main.c:248:6:LCD_DrawChar	32	static
main.c:270:6:LCD_print	24	static
main.c:329:6:LCD_DrawBitmap	24	static
main.c:343:6:LCD_ClearBitmap	32	static
main.c:353:6:LCD_Init	8	static
main.c:388:6:drawWiFi	56	static
main.c:447:6:LCD_ClearWifi	32	static
main.c:462:6:drawStream	24	static
main.c:485:6:LCD_Battery	32	static
main.c:524:6:LCD_ClearBattery	40	static
main.c:543:6:testDisplay	24	static
main.c:645:5:main	64	static
main.c:765:6:SystemClock_Config	184	static
main.c:817:13:MX_I2C3_Init	8	static
main.c:863:13:MX_SPI1_Init	8	static
main.c:903:13:MX_TIM6_Init	24	static
main.c:941:13:MX_USART1_UART_Init	8	static
main.c:976:13:MX_USART2_UART_Init	8	static
main.c:1011:13:MX_GPIO_Init	48	static
main.c:1070:6:Error_Handler	4	static,ignoring_inline_asm
